../Core/Src/main.c:83:5:main	16	static
../Core/Src/main.c:137:6:SystemClock_Config	88	static
../Core/Src/main.c:180:13:MX_CAN1_Init	48	static
../Core/Src/main.c:233:13:MX_I2C2_Init	8	static
../Core/Src/main.c:267:13:MX_USART2_UART_Init	8	static
../Core/Src/main.c:300:13:MX_GPIO_Init	40	static
../Core/Src/main.c:331:6:Light_sensor_init	16	static
../Core/Src/main.c:342:6:HAL_CAN_RxFifo0MsgPendingCallback	16	static
../Core/Src/main.c:349:6:CAN_MSG_Transmit	8	static
../Core/Src/main.c:357:6:CAN_Send_Message	24	static
../Core/Src/main.c:375:6:Error_Handler	4	static,ignoring_inline_asm
