../Src/main.c:212:20:DSB	4	static,ignoring_inline_asm
../Src/main.c:213:20:ISB	4	static,ignoring_inline_asm
../Src/main.c:226:6:MPU_ConfigRegion	24	static
../Src/main.c:254:6:MPU_Init	16	static
../Src/main.c:371:6:MemManage_Handler_C	24	static
../Src/main.c:431:6:MemManage_Handler	0	static,ignoring_inline_asm
../Src/main.c:450:6:BusFault_Handler_C	24	static
../Src/main.c:506:6:BusFault_Handler	0	static,ignoring_inline_asm
../Src/main.c:524:6:UsageFault_Handler_C	24	static
../Src/main.c:589:6:UsageFault_Handler	0	static,ignoring_inline_asm
../Src/main.c:616:6:HardFault_Handler	16	static
../Src/main.c:677:6:test_mm_daccviol	16	static
../Src/main.c:685:6:test_mm_daccviol_read	16	static
../Src/main.c:694:6:test_mm_write_flash	16	static
../Src/main.c:702:6:test_mm_iaccviol	16	static
../Src/main.c:716:6:test_bf_preciserr	8	static
../Src/main.c:724:6:test_bf_impreciserr	4	static
../Src/main.c:732:6:test_bf_ibuserr	16	static
../Src/main.c:742:6:test_hf_forced_usage	24	static
../Src/main.c:754:6:test_hf_vecttbl	8	static
../Src/main.c:766:6:test_divbyzero	24	static
../Src/main.c:775:6:test_nocp	24	static
../Src/main.c:786:6:test_invstate	16	static
../Src/main.c:795:6:test_undefinstr	4	static,ignoring_inline_asm
../Src/main.c:803:5:main	16	static
