../Src/main.c:177:20:DSB	4	static,ignoring_inline_asm
../Src/main.c:178:20:ISB	4	static,ignoring_inline_asm
../Src/main.c:183:6:MPU_ConfigRegion	24	static
../Src/main.c:202:6:MPU_Init	16	static
../Src/main.c:263:6:MemManage_Handler_C	24	static
../Src/main.c:302:6:MemManage_Handler	0	static,ignoring_inline_asm
../Src/main.c:316:6:BusFault_Handler_C	24	static
../Src/main.c:360:6:BusFault_Handler	0	static,ignoring_inline_asm
../Src/main.c:379:6:UsageFault_Handler_C	24	static
../Src/main.c:455:6:UsageFault_Handler	0	static,ignoring_inline_asm
../Src/main.c:469:6:HardFault_Handler	16	static
../Src/main.c:494:6:test_divbyzero	24	static
../Src/main.c:508:6:test_unaligned	16	static
../Src/main.c:521:6:test_nocp	24	static
../Src/main.c:540:6:test_invstate	16	static
../Src/main.c:553:6:test_undefinstr	4	static,ignoring_inline_asm
../Src/main.c:574:6:test_mm_daccviol	16	static
../Src/main.c:586:6:test_mm_daccviol_read	16	static
../Src/main.c:598:6:test_mm_write_flash	16	static
../Src/main.c:622:6:test_bf_preciserr	8	static
../Src/main.c:636:6:test_bf_impreciserr	4	static
../Src/main.c:648:6:test_bf_ibuserr	16	static
../Src/main.c:662:6:test_bf_noclk_periph	16	static
../Src/main.c:690:6:test_hf_forced_usage	24	static
../Src/main.c:708:6:test_hf_forced_bus	8	static
../Src/main.c:727:6:test_hf_vecttbl	8	static
../Src/main.c:744:5:main	16	static
