Archive member included to satisfy reference by file (symbol)

/home/davidkumar/st/stm32cubeide_1.18.1/plugins/com.st.stm32cube.ide.mcu.externaltools.gnu-tools-for-stm32.13.3.rel1.linux64_1.0.0.202410170706/tools/bin/../lib/gcc/arm-none-eabi/13.3.1/../../../../arm-none-eabi/lib/thumb/v7e-m+fp/hard/libc_nano.a(libc_a-exit.o)
                              /home/davidkumar/st/stm32cubeide_1.18.1/plugins/com.st.stm32cube.ide.mcu.externaltools.gnu-tools-for-stm32.13.3.rel1.linux64_1.0.0.202410170706/tools/bin/../lib/gcc/arm-none-eabi/13.3.1/../../../../arm-none-eabi/lib/thumb/v7e-m+fp/hard/crt0.o (exit)
/home/davidkumar/st/stm32cubeide_1.18.1/plugins/com.st.stm32cube.ide.mcu.externaltools.gnu-tools-for-stm32.13.3.rel1.linux64_1.0.0.202410170706/tools/bin/../lib/gcc/arm-none-eabi/13.3.1/../../../../arm-none-eabi/lib/thumb/v7e-m+fp/hard/libc_nano.a(libc_a-findfp.o)
                              /home/davidkumar/st/stm32cubeide_1.18.1/plugins/com.st.stm32cube.ide.mcu.externaltools.gnu-tools-for-stm32.13.3.rel1.linux64_1.0.0.202410170706/tools/bin/../lib/gcc/arm-none-eabi/13.3.1/../../../../arm-none-eabi/lib/thumb/v7e-m+fp/hard/libc_nano.a(libc_a-exit.o) (__stdio_exit_handler)
/home/davidkumar/st/stm32cubeide_1.18.1/plugins/com.st.stm32cube.ide.mcu.externaltools.gnu-tools-for-stm32.13.3.rel1.linux64_1.0.0.202410170706/tools/bin/../lib/gcc/arm-none-eabi/13.3.1/../../../../arm-none-eabi/lib/thumb/v7e-m+fp/hard/libc_nano.a(libc_a-fwalk.o)
                              /home/davidkumar/st/stm32cubeide_1.18.1/plugins/com.st.stm32cube.ide.mcu.externaltools.gnu-tools-for-stm32.13.3.rel1.linux64_1.0.0.202410170706/tools/bin/../lib/gcc/arm-none-eabi/13.3.1/../../../../arm-none-eabi/lib/thumb/v7e-m+fp/hard/libc_nano.a(libc_a-findfp.o) (_fwalk_sglue)
/home/davidkumar/st/stm32cubeide_1.18.1/plugins/com.st.stm32cube.ide.mcu.externaltools.gnu-tools-for-stm32.13.3.rel1.linux64_1.0.0.202410170706/tools/bin/../lib/gcc/arm-none-eabi/13.3.1/../../../../arm-none-eabi/lib/thumb/v7e-m+fp/hard/libc_nano.a(libc_a-stdio.o)
                              /home/davidkumar/st/stm32cubeide_1.18.1/plugins/com.st.stm32cube.ide.mcu.externaltools.gnu-tools-for-stm32.13.3.rel1.linux64_1.0.0.202410170706/tools/bin/../lib/gcc/arm-none-eabi/13.3.1/../../../../arm-none-eabi/lib/thumb/v7e-m+fp/hard/libc_nano.a(libc_a-findfp.o) (__sread)
/home/davidkumar/st/stm32cubeide_1.18.1/plugins/com.st.stm32cube.ide.mcu.externaltools.gnu-tools-for-stm32.13.3.rel1.linux64_1.0.0.202410170706/tools/bin/../lib/gcc/arm-none-eabi/13.3.1/../../../../arm-none-eabi/lib/thumb/v7e-m+fp/hard/libc_nano.a(libc_a-memset.o)
                              /home/davidkumar/st/stm32cubeide_1.18.1/plugins/com.st.stm32cube.ide.mcu.externaltools.gnu-tools-for-stm32.13.3.rel1.linux64_1.0.0.202410170706/tools/bin/../lib/gcc/arm-none-eabi/13.3.1/../../../../arm-none-eabi/lib/thumb/v7e-m+fp/hard/crt0.o (memset)
/home/davidkumar/st/stm32cubeide_1.18.1/plugins/com.st.stm32cube.ide.mcu.externaltools.gnu-tools-for-stm32.13.3.rel1.linux64_1.0.0.202410170706/tools/bin/../lib/gcc/arm-none-eabi/13.3.1/../../../../arm-none-eabi/lib/thumb/v7e-m+fp/hard/libc_nano.a(libc_a-closer.o)
                              /home/davidkumar/st/stm32cubeide_1.18.1/plugins/com.st.stm32cube.ide.mcu.externaltools.gnu-tools-for-stm32.13.3.rel1.linux64_1.0.0.202410170706/tools/bin/../lib/gcc/arm-none-eabi/13.3.1/../../../../arm-none-eabi/lib/thumb/v7e-m+fp/hard/libc_nano.a(libc_a-stdio.o) (_close_r)
/home/davidkumar/st/stm32cubeide_1.18.1/plugins/com.st.stm32cube.ide.mcu.externaltools.gnu-tools-for-stm32.13.3.rel1.linux64_1.0.0.202410170706/tools/bin/../lib/gcc/arm-none-eabi/13.3.1/../../../../arm-none-eabi/lib/thumb/v7e-m+fp/hard/libc_nano.a(libc_a-reent.o)
                              /home/davidkumar/st/stm32cubeide_1.18.1/plugins/com.st.stm32cube.ide.mcu.externaltools.gnu-tools-for-stm32.13.3.rel1.linux64_1.0.0.202410170706/tools/bin/../lib/gcc/arm-none-eabi/13.3.1/../../../../arm-none-eabi/lib/thumb/v7e-m+fp/hard/libc_nano.a(libc_a-closer.o) (errno)
/home/davidkumar/st/stm32cubeide_1.18.1/plugins/com.st.stm32cube.ide.mcu.externaltools.gnu-tools-for-stm32.13.3.rel1.linux64_1.0.0.202410170706/tools/bin/../lib/gcc/arm-none-eabi/13.3.1/../../../../arm-none-eabi/lib/thumb/v7e-m+fp/hard/libc_nano.a(libc_a-impure.o)
                              /home/davidkumar/st/stm32cubeide_1.18.1/plugins/com.st.stm32cube.ide.mcu.externaltools.gnu-tools-for-stm32.13.3.rel1.linux64_1.0.0.202410170706/tools/bin/../lib/gcc/arm-none-eabi/13.3.1/../../../../arm-none-eabi/lib/thumb/v7e-m+fp/hard/libc_nano.a(libc_a-reent.o) (_impure_ptr)
/home/davidkumar/st/stm32cubeide_1.18.1/plugins/com.st.stm32cube.ide.mcu.externaltools.gnu-tools-for-stm32.13.3.rel1.linux64_1.0.0.202410170706/tools/bin/../lib/gcc/arm-none-eabi/13.3.1/../../../../arm-none-eabi/lib/thumb/v7e-m+fp/hard/libc_nano.a(libc_a-lseekr.o)
[...]
Memory Configuration

Name             Origin             Length             Attributes
CCMRAM           0x10000000         0x00010000         xrw
RAM              0x20000000         0x00020000         xrw
FLASH            0x08000000         0x00100000         xr
*default*        0x00000000         0xffffffff

Linker script and memory map

LOAD /home/davidkumar/st/stm32cubeide_1.18.1/plugins/com.st.stm32cube.ide.mcu.externaltools.gnu-tools-for-stm32.13.3.rel1.linux64_1.0.0.202410170706/tools/bin/../lib/gcc/arm-none-eabi/13.3.1/thumb/v7e-m+fp/hard/crti.o
LOAD /home/davidkumar/st/stm32cubeide_1.18.1/plugins/com.st.stm32cube.ide.mcu.externaltools.gnu-tools-for-stm32.13.3.rel1.linux64_1.0.0.202410170706/tools/bin/../lib/gcc/arm-none-eabi/13.3.1/thumb/v7e-m+fp/hard/crtbegin.o
LOAD /home/davidkumar/st/stm32cubeide_1.18.1/plugins/com.st.stm32cube.ide.mcu.externaltools.gnu-tools-for-stm32.13.3.rel1.linux64_1.0.0.202410170706/tools/bin/../lib/gcc/arm-none-eabi/13.3.1/../../../../arm-none-eabi/lib/thumb/v7e-m+fp/hard/crt0.o
LOAD ./Core/Src/main.o
LOAD ./Core/Src/stm32f4xx_hal_msp.o
LOAD ./Core/Src/stm32f4xx_it.o
LOAD ./Core/Src/syscalls.o
LOAD ./Core/Src/sysmem.o
LOAD ./Core/Src/system_stm32f4xx.o
LOAD ./Core/Startup/startup_stm32f405rgtx.o
LOAD ./Drivers/STM32F4xx_HAL_Driver/Src/stm32f4xx_hal.o
LOAD ./Drivers/STM32F4xx_HAL_Driver/Src/stm32f4xx_hal_can.o
LOAD ./Drivers/STM32F4xx_HAL_Driver/Src/stm32f4xx_hal_cortex.o
LOAD ./Drivers/STM32F4xx_HAL_Driver/Src/stm32f4xx_hal_dma.o
LOAD ./Drivers/STM32F4xx_HAL_Driver/Src/stm32f4xx_hal_dma_ex.o
LOAD ./Drivers/STM32F4xx_HAL_Driver/Src/stm32f4xx_hal_exti.o
LOAD ./Drivers/STM32F4xx_HAL_Driver/Src/stm32f4xx_hal_flash.o
LOAD ./Drivers/STM32F4xx_HAL_Driver/Src/stm32f4xx_hal_flash_ex.o
LOAD ./Drivers/STM32F4xx_HAL_Driver/Src/stm32f4xx_hal_flash_ramfunc.o
LOAD ./Drivers/STM32F4xx_HAL_Driver/Src/stm32f4xx_hal_gpio.o
LOAD ./Drivers/STM32F4xx_HAL_Driver/Src/stm32f4xx_hal_i2c.o
LOAD ./Drivers/STM32F4xx_HAL_Driver/Src/stm32f4xx_hal_i2c_ex.o
LOAD ./Drivers/STM32F4xx_HAL_Driver/Src/stm32f4xx_hal_pwr.o
LOAD ./Drivers/STM32F4xx_HAL_Driver/Src/stm32f4xx_hal_pwr_ex.o
LOAD ./Drivers/STM32F4xx_HAL_Driver/Src/stm32f4xx_hal_rcc.o
LOAD ./Drivers/STM32F4xx_HAL_Driver/Src/stm32f4xx_hal_rcc_ex.o
LOAD ./Drivers/STM32F4xx_HAL_Driver/Src/stm32f4xx_hal_uart.o
START GROUP
LOAD /home/davidkumar/st/stm32cubeide_1.18.1/plugins/com.st.stm32cube.ide.mcu.externaltools.gnu-tools-for-stm32.13.3.rel1.linux64_1.0.0.202410170706/tools/bin/../lib/gcc/arm-none-eabi/13.3.1/../../../../arm-none-eabi/lib/thumb/v7e-m+fp/hard/libc_nano.a
LOAD /home/davidkumar/st/stm32cubeide_1.18.1/plugins/com.st.stm32cube.ide.mcu.externaltools.gnu-tools-for-stm32.13.3.rel1.linux64_1.0.0.202410170706/tools/bin/../lib/gcc/arm-none-eabi/13.3.1/../../../../arm-none-eabi/lib/thumb/v7e-m+fp/hard/libm.a
END GROUP
START GROUP
LOAD /home/davidkumar/st/stm32cubeide_1.18.1/plugins/com.st.stm32cube.ide.mcu.externaltools.gnu-tools-for-stm32.13.3.rel1.linux64_1.0.0.202410170706/tools/bin/../lib/gcc/arm-none-eabi/13.3.1/thumb/v7e-m+fp/hard/libgcc.a
LOAD /home/davidkumar/st/stm32cubeide_1.18.1/plugins/com.st.stm32cube.ide.mcu.externaltools.gnu-tools-for-stm32.13.3.rel1.linux64_1.0.0.202410170706/tools/bin/../lib/gcc/arm-none-eabi/13.3.1/../../../../arm-none-eabi/lib/thumb/v7e-m+fp/hard/libc_nano.a
END GROUP
START GROUP
LOAD /home/davidkumar/st/stm32cubeide_1.18.1/plugins/com.st.stm32cube.ide.mcu.externaltools.gnu-tools-for-stm32.13.3.rel1.linux64_1.0.0.202410170706/tools/bin/../lib/gcc/arm-none-eabi/13.3.1/thumb/v7e-m+fp/hard/libgcc.a
LOAD /home/davidkumar/st/stm32cubeide_1.18.1/plugins/com.st.stm32cube.ide.mcu.externaltools.gnu-tools-for-stm32.13.3.rel1.linux64_1.0.0.202410170706/tools/bin/../lib/gcc/arm-none-eabi/13.3.1/../../../../arm-none-eabi/lib/thumb/v7e-m+fp/hard/libc_nano.a
LOAD /home/davidkumar/st/stm32cubeide_1.18.1/plugins/com.st.stm32cube.ide.mcu.externaltools.gnu-tools-for-stm32.13.3.rel1.linux64_1.0.0.202410170706/tools/bin/../lib/gcc/arm-none-eabi/13.3.1/../../../../arm-none-eabi/lib/thumb/v7e-m+fp/hard/libnosys.a
END GROUP
START GROUP
LOAD /home/davidkumar/st/stm32cubeide_1.18.1/plugins/com.st.stm32cube.ide.mcu.externaltools.gnu-tools-for-stm32.13.3.rel1.linux64_1.0.0.202410170706/tools/bin/../lib/gcc/arm-none-eabi/13.3.1/thumb/v7e-m+fp/hard/libgcc.a
LOAD /home/davidkumar/st/stm32cubeide_1.18.1/plugins/com.st.stm32cube.ide.mcu.externaltools.gnu-tools-for-stm32.13.3.rel1.linux64_1.0.0.202410170706/tools/bin/../lib/gcc/arm-none-eabi/13.3.1/../../../../arm-none-eabi/lib/thumb/v7e-m+fp/hard/libc_nano.a
LOAD /home/davidkumar/st/stm32cubeide_1.18.1/plugins/com.st.stm32cube.ide.mcu.externaltools.gnu-tools-for-stm32.13.3.rel1.linux64_1.0.0.202410170706/tools/bin/../lib/gcc/arm-none-eabi/13.3.1/../../../../arm-none-eabi/lib/thumb/v7e-m+fp/hard/libnosys.a
END GROUP
LOAD /home/davidkumar/st/stm32cubeide_1.18.1/plugins/com.st.stm32cube.ide.mcu.externaltools.gnu-tools-for-stm32.13.3.rel1.linux64_1.0.0.202410170706/tools/bin/../lib/gcc/arm-none-eabi/13.3.1/thumb/v7e-m+fp/hard/crtend.o
LOAD /home/davidkumar/st/stm32cubeide_1.18.1/plugins/com.st.stm32cube.ide.mcu.externaltools.gnu-tools-for-stm32.13.3.rel1.linux64_1.0.0.202410170706/tools/bin/../lib/gcc/arm-none-eabi/13.3.1/thumb/v7e-m+fp/hard/crtn.o
                0x20020000                        _estack = (ORIGIN (RAM) + LENGTH (RAM))
                0x00000200                        _Min_Heap_Size = 0x200
                0x00000400                        _Min_Stack_Size = 0x400

.isr_vector     0x08000000      0x188
                0x08000000                        . = ALIGN (0x4)
 *(.isr_vector)
 .isr_vector    0x08000000      0x188 ./Core/Startup/startup_stm32f405rgtx.o
                0x08000000                g_pfnVectors
                0x08000188                        . = ALIGN (0x4)

.text           0x08000188     0x3e48
                0x08000188                        . = ALIGN (0x4)
 *(.text)
 .text          0x08000188       0x40 /home/davidkumar/st/stm32cubeide_1.18.1/plugins/com.st.stm32cube.ide.mcu.externaltools.gnu-tools-for-stm32.13.3.rel1.linux64_1.0.0.202410170706/tools/bin/../lib/gcc/arm-none-eabi/13.3.1/thumb/v7e-m+fp/hard/crtbegin.o
 .text          0x080001c8       0x30 /home/davidkumar/st/stm32cubeide_1.18.1/plugins/com.st.stm32cube.ide.mcu.externaltools.gnu-tools-for-stm32.13.3.rel1.linux64_1.0.0.202410170706/tools/bin/../lib/gcc/arm-none-eabi/13.3.1/thumb/v7e-m+fp/hard/libgcc.a(_aeabi_uldivmod.o)
                0x080001c8                __aeabi_uldivmod
 .text          0x080001f8      0x2f8 /home/davidkumar/st/stm32cubeide_1.18.1/plugins/com.st.stm32cube.ide.mcu.externaltools.gnu-tools-for-stm32.13.3.rel1.linux64_1.0.0.202410170706/tools/bin/../lib/gcc/arm-none-eabi/13.3.1/thumb/v7e-m+fp/hard/libgcc.a(_udivmoddi4.o)
                0x080001f8                __udivmoddi4
 .text          0x080004f0        0x4 /home/davidkumar/st/stm32cubeide_1.18.1/plugins/com.st.stm32cube.ide.mcu.externaltools.gnu-tools-for-stm32.13.3.rel1.linux64_1.0.0.202410170706/tools/bin/../lib/gcc/arm-none-eabi/13.3.1/thumb/v7e-m+fp/hard/libgcc.a(_dvmd_tls.o)
                0x080004f0                __aeabi_ldiv0
                0x080004f0                __aeabi_idiv0
 *(.text*)
 .text.main     0x080004f4       0xa0 ./Core/Src/main.o
                0x080004f4                main
 .text.SystemClock_Config
                0x08000594       0xc4 ./Core/Src/main.o
                0x08000594                SystemClock_Config
 .text.MX_CAN1_Init
                0x08000658       0xb0 ./Core/Src/main.o
 .text.MX_I2C2_Init
                0x08000708       0x5c ./Core/Src/main.o
 .text.MX_USART2_UART_Init
                0x08000764       0x54 ./Core/Src/main.o
 .text.MX_GPIO_Init
                0x080007b8       0xc4 ./Core/Src/main.o
 .text.Light_sensor_init
                0x0800087c       0x50 ./Core/Src/main.o
                0x0800087c                Light_sensor_init
 .text.HAL_CAN_RxFifo0MsgPendingCallback
                0x080008cc       0x30 ./Core/Src/main.o
                0x080008cc                HAL_CAN_RxFifo0MsgPendingCallback
 .text.CAN_MSG_Transmit
                0x080008fc       0x44 ./Core/Src/main.o
                0x080008fc                CAN_MSG_Transmit
 .text.CAN_Send_Message
                0x08000940       0x60 ./Core/Src/main.o
                0x08000940                CAN_Send_Message
 .text.Error_Handler
                0x080009a0        0xc ./Core/Src/main.o
                0x080009a0                Error_Handler
 .text.HAL_MspInit
                0x080009ac       0x50 ./Core/Src/stm32f4xx_hal_msp.o
                0x080009ac                HAL_MspInit
 .text.HAL_CAN_MspInit
                0x080009fc       0xa0 ./Core/Src/stm32f4xx_hal_msp.o
                0x080009fc                HAL_CAN_MspInit
 .text.HAL_I2C_MspInit
                0x08000a9c       0x90 ./Core/Src/stm32f4xx_hal_msp.o
                0x08000a9c                HAL_I2C_MspInit
 .text.HAL_UART_MspInit
                0x08000b2c       0x90 ./Core/Src/stm32f4xx_hal_msp.o
                0x08000b2c                HAL_UART_MspInit
 .text.NMI_Handler
                0x08000bbc        0x8 ./Core/Src/stm32f4xx_it.o
                0x08000bbc                NMI_Handler
 .text.HardFault_Handler
                0x08000bc4        0x8 ./Core/Src/stm32f4xx_it.o
                0x08000bc4                HardFault_Handler
 .text.MemManage_Handler
                0x08000bcc        0x8 ./Core/Src/stm32f4xx_it.o
                0x08000bcc                MemManage_Handler
 .text.BusFault_Handler
                0x08000bd4        0x8 ./Core/Src/stm32f4xx_it.o
                0x08000bd4                BusFault_Handler
 .text.UsageFault_Handler
                0x08000bdc        0x8 ./Core/Src/stm32f4xx_it.o
                0x08000bdc                UsageFault_Handler
 .text.SVC_Handler
                0x08000be4        0xe ./Core/Src/stm32f4xx_it.o
                0x08000be4                SVC_Handler
 .text.DebugMon_Handler
                0x08000bf2        0xe ./Core/Src/stm32f4xx_it.o
                0x08000bf2                DebugMon_Handler
 .text.PendSV_Handler
                0x08000c00        0xe ./Core/Src/stm32f4xx_it.o
                0x08000c00                PendSV_Handler
 .text.SysTick_Handler
                0x08000c0e        0xc ./Core/Src/stm32f4xx_it.o
                0x08000c0e                SysTick_Handler
 *fill*         0x08000c1a        0x2 
 .text.CAN1_RX0_IRQHandler
                0x08000c1c       0x14 ./Core/Src/stm32f4xx_it.o
                0x08000c1c                CAN1_RX0_IRQHandler
 .text.SystemInit
                0x08000c30       0x24 ./Core/Src/system_stm32f4xx.o
                0x08000c30                SystemInit
 .text.Reset_Handler
                0x08000c54       0x50 ./Core/Startup/startup_stm32f405rgtx.o
                0x08000c54                Reset_Handler
 .text.Default_Handler
                0x08000ca4        0x2 ./Core/Startup/startup_stm32f405rgtx.o
                0x08000ca4                RTC_Alarm_IRQHandler
                0x08000ca4                HASH_RNG_IRQHandler
                0x08000ca4                EXTI2_IRQHandler
                0x08000ca4                TIM8_CC_IRQHandler
                0x08000ca4                TIM1_CC_IRQHandler
                0x08000ca4                DMA2_Stream5_IRQHandler
                0x08000ca4                DMA1_Stream5_IRQHandler
                0x08000ca4                PVD_IRQHandler
                0x08000ca4                SDIO_IRQHandler
                0x08000ca4                TAMP_STAMP_IRQHandler
                0x08000ca4                CAN2_RX1_IRQHandler
                0x08000ca4                EXTI3_IRQHandler
                0x08000ca4                TIM8_TRG_COM_TIM14_IRQHandler
                0x08000ca4                TIM1_UP_TIM10_IRQHandler
                0x08000ca4                TIM8_UP_TIM13_IRQHandler
                0x08000ca4                I2C3_ER_IRQHandler
                0x08000ca4                EXTI0_IRQHandler
                0x08000ca4                I2C2_EV_IRQHandler
                0x08000ca4                DMA1_Stream2_IRQHandler
                0x08000ca4                FPU_IRQHandler
                0x08000ca4                OTG_HS_WKUP_IRQHandler
                0x08000ca4                CAN2_SCE_IRQHandler
                0x08000ca4                DMA2_Stream2_IRQHandler
                0x08000ca4                SPI1_IRQHandler
                0x08000ca4                TIM6_DAC_IRQHandler
                0x08000ca4                TIM1_BRK_TIM9_IRQHandler
                0x08000ca4                CAN2_RX0_IRQHandler
                0x08000ca4                DMA2_Stream3_IRQHandler
                0x08000ca4                USART6_IRQHandler
                0x08000ca4                USART3_IRQHandler
                0x08000ca4                CAN1_RX1_IRQHandler
                0x08000ca4                UART5_IRQHandler
                0x08000ca4                DMA2_Stream0_IRQHandler
                0x08000ca4                TIM4_IRQHandler
                0x08000ca4                I2C1_EV_IRQHandler
                0x08000ca4                DMA1_Stream6_IRQHandler
                0x08000ca4                DMA1_Stream1_IRQHandler
                0x08000ca4                UART4_IRQHandler
                0x08000ca4                TIM3_IRQHandler
                0x08000ca4                RCC_IRQHandler
                0x08000ca4                TIM8_BRK_TIM12_IRQHandler
                0x08000ca4                Default_Handler
                0x08000ca4                EXTI15_10_IRQHandler
                0x08000ca4                ADC_IRQHandler
                0x08000ca4                DMA1_Stream7_IRQHandler
                0x08000ca4                TIM7_IRQHandler
                0x08000ca4                CAN2_TX_IRQHandler
                0x08000ca4                TIM5_IRQHandler
                0x08000ca4                DMA2_Stream7_IRQHandler
                0x08000ca4                I2C3_EV_IRQHandler
                0x08000ca4                EXTI9_5_IRQHandler
                0x08000ca4                RTC_WKUP_IRQHandler
                0x08000ca4                SPI2_IRQHandler
                0x08000ca4                OTG_HS_EP1_IN_IRQHandler
                0x08000ca4                DMA1_Stream0_IRQHandler
                0x08000ca4                CAN1_TX_IRQHandler
                0x08000ca4                EXTI4_IRQHandler
                0x08000ca4                FSMC_IRQHandler
                0x08000ca4                OTG_HS_EP1_OUT_IRQHandler
                0x08000ca4                WWDG_IRQHandler
                0x08000ca4                TIM2_IRQHandler
                0x08000ca4                OTG_FS_WKUP_IRQHandler
                0x08000ca4                TIM1_TRG_COM_TIM11_IRQHandler
                0x08000ca4                OTG_HS_IRQHandler
                0x08000ca4                EXTI1_IRQHandler
                0x08000ca4                USART2_IRQHandler
                0x08000ca4                I2C2_ER_IRQHandler
                0x08000ca4                DMA2_Stream1_IRQHandler
                0x08000ca4                CAN1_SCE_IRQHandler
                0x08000ca4                FLASH_IRQHandler
                0x08000ca4                DMA2_Stream4_IRQHandler
                0x08000ca4                USART1_IRQHandler
                0x08000ca4                OTG_FS_IRQHandler
                0x08000ca4                SPI3_IRQHandler
                0x08000ca4                DMA1_Stream4_IRQHandler
                0x08000ca4                I2C1_ER_IRQHandler
                0x08000ca4                DMA2_Stream6_IRQHandler
                0x08000ca4                DMA1_Stream3_IRQHandler
 *fill*         0x08000ca6        0x2 
 .text.HAL_Init
                0x08000ca8       0x44 ./Drivers/STM32F4xx_HAL_Driver/Src/stm32f4xx_hal.o
                0x08000ca8                HAL_Init
 .text.HAL_InitTick
                0x08000cec       0x60 ./Drivers/STM32F4xx_HAL_Driver/Src/stm32f4xx_hal.o
                0x08000cec                HAL_InitTick
 .text.HAL_IncTick
                0x08000d4c       0x28 ./Drivers/STM32F4xx_HAL_Driver/Src/stm32f4xx_hal.o
                0x08000d4c                HAL_IncTick
 .text.HAL_GetTick
                0x08000d74       0x18 ./Drivers/STM32F4xx_HAL_Driver/Src/stm32f4xx_hal.o
                0x08000d74                HAL_GetTick
 .text.HAL_Delay
                0x08000d8c       0x48 ./Drivers/STM32F4xx_HAL_Driver/Src/stm32f4xx_hal.o
                0x08000d8c                HAL_Delay
 .text.HAL_CAN_Init
                0x08000dd4      0x1f6 ./Drivers/STM32F4xx_HAL_Driver/Src/stm32f4xx_hal_can.o
                0x08000dd4                HAL_CAN_Init
 *fill*         0x08000fca        0x2 
 .text.HAL_CAN_ConfigFilter
                0x08000fcc      0x1bc ./Drivers/STM32F4xx_HAL_Driver/Src/stm32f4xx_hal_can.o
                0x08000fcc                HAL_CAN_ConfigFilter
 .text.HAL_CAN_Start
                0x08001188       0x88 ./Drivers/STM32F4xx_HAL_Driver/Src/stm32f4xx_hal_can.o
                0x08001188                HAL_CAN_Start
 .text.HAL_CAN_AddTxMessage
                0x08001210      0x1a0 ./Drivers/STM32F4xx_HAL_Driver/Src/stm32f4xx_hal_can.o
                0x08001210                HAL_CAN_AddTxMessage
 .text.HAL_CAN_GetTxMailboxesFreeLevel
                0x080013b0       0x6a ./Drivers/STM32F4xx_HAL_Driver/Src/stm32f4xx_hal_can.o
                0x080013b0                HAL_CAN_GetTxMailboxesFreeLevel
 .text.HAL_CAN_GetRxMessage
                0x0800141a      0x244 ./Drivers/STM32F4xx_HAL_Driver/Src/stm32f4xx_hal_can.o
                0x0800141a                HAL_CAN_GetRxMessage
 .text.HAL_CAN_ActivateNotification
                0x0800165e       0x4c ./Drivers/STM32F4xx_HAL_Driver/Src/stm32f4xx_hal_can.o
                0x0800165e                HAL_CAN_ActivateNotification
 .text.HAL_CAN_IRQHandler
                0x080016aa      0x36e ./Drivers/STM32F4xx_HAL_Driver/Src/stm32f4xx_hal_can.o
                0x080016aa                HAL_CAN_IRQHandler
 .text.HAL_CAN_TxMailbox0CompleteCallback
                0x08001a18       0x14 ./Drivers/STM32F4xx_HAL_Driver/Src/stm32f4xx_hal_can.o
                0x08001a18                HAL_CAN_TxMailbox0CompleteCallback
 .text.HAL_CAN_TxMailbox1CompleteCallback
                0x08001a2c       0x14 ./Drivers/STM32F4xx_HAL_Driver/Src/stm32f4xx_hal_can.o
                0x08001a2c                HAL_CAN_TxMailbox1CompleteCallback
 .text.HAL_CAN_TxMailbox2CompleteCallback
                0x08001a40       0x14 ./Drivers/STM32F4xx_HAL_Driver/Src/stm32f4xx_hal_can.o
                0x08001a40                HAL_CAN_TxMailbox2CompleteCallback
 .text.HAL_CAN_TxMailbox0AbortCallback
                0x08001a54       0x14 ./Drivers/STM32F4xx_HAL_Driver/Src/stm32f4xx_hal_can.o
                0x08001a54                HAL_CAN_TxMailbox0AbortCallback
 .text.HAL_CAN_TxMailbox1AbortCallback
                0x08001a68       0x14 ./Drivers/STM32F4xx_HAL_Driver/Src/stm32f4xx_hal_can.o
                0x08001a68                HAL_CAN_TxMailbox1AbortCallback
 .text.HAL_CAN_TxMailbox2AbortCallback
                0x08001a7c       0x14 ./Drivers/STM32F4xx_HAL_Driver/Src/stm32f4xx_hal_can.o
                0x08001a7c                HAL_CAN_TxMailbox2AbortCallback
 .text.HAL_CAN_RxFifo0FullCallback
                0x08001a90       0x14 ./Drivers/STM32F4xx_HAL_Driver/Src/stm32f4xx_hal_can.o
                0x08001a90                HAL_CAN_RxFifo0FullCallback
 .text.HAL_CAN_RxFifo1MsgPendingCallback
                0x08001aa4       0x14 ./Drivers/STM32F4xx_HAL_Driver/Src/stm32f4xx_hal_can.o
                0x08001aa4                HAL_CAN_RxFifo1MsgPendingCallback
 .text.HAL_CAN_RxFifo1FullCallback
                0x08001ab8       0x14 ./Drivers/STM32F4xx_HAL_Driver/Src/stm32f4xx_hal_can.o
                0x08001ab8                HAL_CAN_RxFifo1FullCallback
 .text.HAL_CAN_SleepCallback
                0x08001acc       0x14 ./Drivers/STM32F4xx_HAL_Driver/Src/stm32f4xx_hal_can.o
                0x08001acc                HAL_CAN_SleepCallback
 .text.HAL_CAN_WakeUpFromRxMsgCallback
                0x08001ae0       0x14 ./Drivers/STM32F4xx_HAL_Driver/Src/stm32f4xx_hal_can.o
                0x08001ae0                HAL_CAN_WakeUpFromRxMsgCallback
 .text.HAL_CAN_ErrorCallback
                0x08001af4       0x14 ./Drivers/STM32F4xx_HAL_Driver/Src/stm32f4xx_hal_can.o
                0x08001af4                HAL_CAN_ErrorCallback
 .text.__NVIC_SetPriorityGrouping
                0x08001b08       0x48 ./Drivers/STM32F4xx_HAL_Driver/Src/stm32f4xx_hal_cortex.o
 .text.__NVIC_GetPriorityGrouping
                0x08001b50       0x1c ./Drivers/STM32F4xx_HAL_Driver/Src/stm32f4xx_hal_cortex.o
 .text.__NVIC_EnableIRQ
                0x08001b6c       0x3c ./Drivers/STM32F4xx_HAL_Driver/Src/stm32f4xx_hal_cortex.o
 .text.__NVIC_SetPriority
                0x08001ba8       0x54 ./Drivers/STM32F4xx_HAL_Driver/Src/stm32f4xx_hal_cortex.o
 .text.NVIC_EncodePriority
                0x08001bfc       0x66 ./Drivers/STM32F4xx_HAL_Driver/Src/stm32f4xx_hal_cortex.o
 *fill*         0x08001c62        0x2 
 .text.SysTick_Config
                0x08001c64       0x44 ./Drivers/STM32F4xx_HAL_Driver/Src/stm32f4xx_hal_cortex.o
 .text.HAL_NVIC_SetPriorityGrouping
                0x08001ca8       0x16 ./Drivers/STM32F4xx_HAL_Driver/Src/stm32f4xx_hal_cortex.o
                0x08001ca8                HAL_NVIC_SetPriorityGrouping
 .text.HAL_NVIC_SetPriority
                0x08001cbe       0x38 ./Drivers/STM32F4xx_HAL_Driver/Src/stm32f4xx_hal_cortex.o
                0x08001cbe                HAL_NVIC_SetPriority
 .text.HAL_NVIC_EnableIRQ
                0x08001cf6       0x1c ./Drivers/STM32F4xx_HAL_Driver/Src/stm32f4xx_hal_cortex.o
                0x08001cf6                HAL_NVIC_EnableIRQ
 .text.HAL_SYSTICK_Config
                0x08001d12       0x18 ./Drivers/STM32F4xx_HAL_Driver/Src/stm32f4xx_hal_cortex.o
                0x08001d12                HAL_SYSTICK_Config
 *fill*         0x08001d2a        0x2 
 .text.HAL_GPIO_Init
                0x08001d2c      0x338 ./Drivers/STM32F4xx_HAL_Driver/Src/stm32f4xx_hal_gpio.o
                0x08001d2c                HAL_GPIO_Init
 .text.HAL_I2C_Init
                0x08002064      0x288 ./Drivers/STM32F4xx_HAL_Driver/Src/stm32f4xx_hal_i2c.o
                0x08002064                HAL_I2C_Init
 .text.HAL_I2C_Master_Transmit
                0x080022ec      0x1fc ./Drivers/STM32F4xx_HAL_Driver/Src/stm32f4xx_hal_i2c.o
                0x080022ec                HAL_I2C_Master_Transmit
 .text.HAL_I2C_Master_Receive
                0x080024e8      0x464 ./Drivers/STM32F4xx_HAL_Driver/Src/stm32f4xx_hal_i2c.o
                0x080024e8                HAL_I2C_Master_Receive
 .text.I2C_MasterRequestWrite
                0x0800294c      0x104 ./Drivers/STM32F4xx_HAL_Driver/Src/stm32f4xx_hal_i2c.o
 .text.I2C_MasterRequestRead
                0x08002a50      0x19c ./Drivers/STM32F4xx_HAL_Driver/Src/stm32f4xx_hal_i2c.o
 .text.I2C_WaitOnFlagUntilTimeout
                0x08002bec       0xf4 ./Drivers/STM32F4xx_HAL_Driver/Src/stm32f4xx_hal_i2c.o
 .text.I2C_WaitOnMasterAddressFlagUntilTimeout
                0x08002ce0      0x140 ./Drivers/STM32F4xx_HAL_Driver/Src/stm32f4xx_hal_i2c.o
 .text.I2C_WaitOnTXEFlagUntilTimeout
                0x08002e20       0x90 ./Drivers/STM32F4xx_HAL_Driver/Src/stm32f4xx_hal_i2c.o
 .text.I2C_WaitOnBTFFlagUntilTimeout
                0x08002eb0       0x90 ./Drivers/STM32F4xx_HAL_Driver/Src/stm32f4xx_hal_i2c.o
 .text.I2C_WaitOnRXNEFlagUntilTimeout
                0x08002f40       0xba ./Drivers/STM32F4xx_HAL_Driver/Src/stm32f4xx_hal_i2c.o
 .text.I2C_IsAcknowledgeFailed
                0x08002ffa       0x5e ./Drivers/STM32F4xx_HAL_Driver/Src/stm32f4xx_hal_i2c.o
 .text.HAL_RCC_OscConfig
                0x08003058      0x4f0 ./Drivers/STM32F4xx_HAL_Driver/Src/stm32f4xx_hal_rcc.o
                0x08003058                HAL_RCC_OscConfig
 .text.HAL_RCC_ClockConfig
                0x08003548      0x1cc ./Drivers/STM32F4xx_HAL_Driver/Src/stm32f4xx_hal_rcc.o
                0x08003548                HAL_RCC_ClockConfig
 .text.HAL_RCC_MCOConfig
                0x08003714       0xd0 ./Drivers/STM32F4xx_HAL_Driver/Src/stm32f4xx_hal_rcc.o
                0x08003714                HAL_RCC_MCOConfig
 .text.HAL_RCC_GetSysClockFreq
                0x080037e4      0x18c ./Drivers/STM32F4xx_HAL_Driver/Src/stm32f4xx_hal_rcc.o
                0x080037e4                HAL_RCC_GetSysClockFreq
 .text.HAL_RCC_GetHCLKFreq
                0x08003970       0x18 ./Drivers/STM32F4xx_HAL_Driver/Src/stm32f4xx_hal_rcc.o
                0x08003970                HAL_RCC_GetHCLKFreq
 .text.HAL_RCC_GetPCLK1Freq
                0x08003988       0x28 ./Drivers/STM32F4xx_HAL_Driver/Src/stm32f4xx_hal_rcc.o
                0x08003988                HAL_RCC_GetPCLK1Freq
 .text.HAL_RCC_GetPCLK2Freq
                0x080039b0       0x28 ./Drivers/STM32F4xx_HAL_Driver/Src/stm32f4xx_hal_rcc.o
                0x080039b0                HAL_RCC_GetPCLK2Freq
 .text.HAL_UART_Init
                0x080039d8       0xa0 ./Drivers/STM32F4xx_HAL_Driver/Src/stm32f4xx_hal_uart.o
                0x080039d8                HAL_UART_Init
 .text.UART_SetConfig
                0x08003a78      0x4e8 ./Drivers/STM32F4xx_HAL_Driver/Src/stm32f4xx_hal_uart.o
 .text.memset   0x08003f60       0x10 /home/davidkumar/st/stm32cubeide_1.18.1/plugins/com.st.stm32cube.ide.mcu.externaltools.gnu-tools-for-stm32.13.3.rel1.linux64_1.0.0.202410170706/tools/bin/../lib/gcc/arm-none-eabi/13.3.1/../../../../arm-none-eabi/lib/thumb/v7e-m+fp/hard/libc_nano.a(libc_a-memset.o)
                0x08003f60                memset
 .text.__libc_init_array
                0x08003f70       0x48 /home/davidkumar/st/stm32cubeide_1.18.1/plugins/com.st.stm32cube.ide.mcu.externaltools.gnu-tools-for-stm32.13.3.rel1.linux64_1.0.0.202410170706/tools/bin/../lib/gcc/arm-none-eabi/13.3.1/../../../../arm-none-eabi/lib/thumb/v7e-m+fp/hard/libc_nano.a(libc_a-init.o)
                0x08003f70                __libc_init_array
 *(.glue_7)
 .glue_7        0x08003fb8        0x0 linker stubs
 *(.glue_7t)
 .glue_7t       0x08003fb8        0x0 linker stubs
 *(.eh_frame)
 .eh_frame      0x08003fb8        0x0 /home/davidkumar/st/stm32cubeide_1.18.1/plugins/com.st.stm32cube.ide.mcu.externaltools.gnu-tools-for-stm32.13.3.rel1.linux64_1.0.0.202410170706/tools/bin/../lib/gcc/arm-none-eabi/13.3.1/thumb/v7e-m+fp/hard/crtbegin.o
 *(.init)
 .init          0x08003fb8        0x4 /home/davidkumar/st/stm32cubeide_1.18.1/plugins/com.st.stm32cube.ide.mcu.externaltools.gnu-tools-for-stm32.13.3.rel1.linux64_1.0.0.202410170706/tools/bin/../lib/gcc/arm-none-eabi/13.3.1/thumb/v7e-m+fp/hard/crti.o
                0x08003fb8                _init
 .init          0x08003fbc        0x8 /home/davidkumar/st/stm32cubeide_1.18.1/plugins/com.st.stm32cube.ide.mcu.externaltools.gnu-tools-for-stm32.13.3.rel1.linux64_1.0.0.202410170706/tools/bin/../lib/gcc/arm-none-eabi/13.3.1/thumb/v7e-m+fp/hard/crtn.o
 *(.fini)
 .fini          0x08003fc4        0x4 /home/davidkumar/st/stm32cubeide_1.18.1/plugins/com.st.stm32cube.ide.mcu.externaltools.gnu-tools-for-stm32.13.3.rel1.linux64_1.0.0.202410170706/tools/bin/../lib/gcc/arm-none-eabi/13.3.1/thumb/v7e-m+fp/hard/crti.o
                0x08003fc4                _fini
 .fini          0x08003fc8        0x8 /home/davidkumar/st/stm32cubeide_1.18.1/plugins/com.st.stm32cube.ide.mcu.externaltools.gnu-tools-for-stm32.13.3.rel1.linux64_1.0.0.202410170706/tools/bin/../lib/gcc/arm-none-eabi/13.3.1/thumb/v7e-m+fp/hard/crtn.o
                0x08003fd0                        . = ALIGN (0x4)
                0x08003fd0                        _etext = .

.vfp11_veneer   0x08003fd0        0x0
 .vfp11_veneer  0x08003fd0        0x0 linker stubs

.v4_bx          0x08003fd0        0x0
 .v4_bx         0x08003fd0        0x0 linker stubs

.iplt           0x08003fd0        0x0
 .iplt          0x08003fd0        0x0 /home/davidkumar/st/stm32cubeide_1.18.1/plugins/com.st.stm32cube.ide.mcu.externaltools.gnu-tools-for-stm32.13.3.rel1.linux64_1.0.0.202410170706/tools/bin/../lib/gcc/arm-none-eabi/13.3.1/thumb/v7e-m+fp/hard/crtbegin.o

.rodata         0x08003fd0       0x18
                0x08003fd0                        . = ALIGN (0x4)
 *(.rodata)
 *(.rodata*)
 .rodata.AHBPrescTable
                0x08003fd0       0x10 ./Core/Src/system_stm32f4xx.o
                0x08003fd0                AHBPrescTable
 .rodata.APBPrescTable
                0x08003fe0        0x8 ./Core/Src/system_stm32f4xx.o
                0x08003fe0                APBPrescTable
                0x08003fe8                        . = ALIGN (0x4)

.ARM.extab      0x08003fe8        0x0
                0x08003fe8                        . = ALIGN (0x4)
 *(.ARM.extab* .gnu.linkonce.armextab.*)
                0x08003fe8                        . = ALIGN (0x4)

.ARM            0x08003fe8        0x8
                0x08003fe8                        . = ALIGN (0x4)
                0x08003fe8                        __exidx_start = .
 *(.ARM.exidx*)
 .ARM.exidx     0x08003fe8        0x8 /home/davidkumar/st/stm32cubeide_1.18.1/plugins/com.st.stm32cube.ide.mcu.externaltools.gnu-tools-for-stm32.13.3.rel1.linux64_1.0.0.202410170706/tools/bin/../lib/gcc/arm-none-eabi/13.3.1/thumb/v7e-m+fp/hard/libgcc.a(_udivmoddi4.o)
                0x08003ff0                        __exidx_end = .
                0x08003ff0                        . = ALIGN (0x4)

.preinit_array  0x08003ff0        0x0
                0x08003ff0                        . = ALIGN (0x4)
                0x08003ff0                        PROVIDE (__preinit_array_start = .)
 *(.preinit_array*)
                0x08003ff0                        PROVIDE (__preinit_array_end = .)
                0x08003ff0                        . = ALIGN (0x4)

.init_array     0x08003ff0        0x4
                0x08003ff0                        . = ALIGN (0x4)
                0x08003ff0                        PROVIDE (__init_array_start = .)
 *(SORT_BY_NAME(.init_array.*))
 *(.init_array*)
 .init_array    0x08003ff0        0x4 /home/davidkumar/st/stm32cubeide_1.18.1/plugins/com.st.stm32cube.ide.mcu.externaltools.gnu-tools-for-stm32.13.3.rel1.linux64_1.0.0.202410170706/tools/bin/../lib/gcc/arm-none-eabi/13.3.1/thumb/v7e-m+fp/hard/crtbegin.o
                0x08003ff4                        PROVIDE (__init_array_end = .)
                0x08003ff4                        . = ALIGN (0x4)

.fini_array     0x08003ff4        0x4
                0x08003ff4                        . = ALIGN (0x4)
                [!provide]                        PROVIDE (__fini_array_start = .)
 *(SORT_BY_NAME(.fini_array.*))
 *(.fini_array*)
 .fini_array    0x08003ff4        0x4 /home/davidkumar/st/stm32cubeide_1.18.1/plugins/com.st.stm32cube.ide.mcu.externaltools.gnu-tools-for-stm32.13.3.rel1.linux64_1.0.0.202410170706/tools/bin/../lib/gcc/arm-none-eabi/13.3.1/thumb/v7e-m+fp/hard/crtbegin.o
                [!provide]                        PROVIDE (__fini_array_end = .)
                0x08003ff8                        . = ALIGN (0x4)
                0x08003ff8                        _sidata = LOADADDR (.data)

.rel.dyn        0x08003ff8        0x0
 .rel.iplt      0x08003ff8        0x0 /home/davidkumar/st/stm32cubeide_1.18.1/plugins/com.st.stm32cube.ide.mcu.externaltools.gnu-tools-for-stm32.13.3.rel1.linux64_1.0.0.202410170706/tools/bin/../lib/gcc/arm-none-eabi/13.3.1/thumb/v7e-m+fp/hard/crtbegin.o

.data           0x20000000       0x10 load address 0x08003ff8
                0x20000000                        . = ALIGN (0x4)
                0x20000000                        _sdata = .
 *(.data)
 *(.data*)
 .data.data     0x20000000        0x2 ./Core/Src/main.o
                0x20000000                data
 *fill*         0x20000002        0x2 
 .data.SystemCoreClock
                0x20000004        0x4 ./Core/Src/system_stm32f4xx.o
                0x20000004                SystemCoreClock
 .data.uwTickPrio
                0x20000008        0x4 ./Drivers/STM32F4xx_HAL_Driver/Src/stm32f4xx_hal.o
                0x20000008                uwTickPrio
 .data.uwTickFreq
                0x2000000c        0x1 ./Drivers/STM32F4xx_HAL_Driver/Src/stm32f4xx_hal.o
                0x2000000c                uwTickFreq
 *(.RamFunc)
 *(.RamFunc*)
                0x20000010                        . = ALIGN (0x4)
 *fill*         0x2000000d        0x3 
                0x20000010                        _edata = .
                0x08004008                        _siccmram = LOADADDR (.ccmram)

.igot.plt       0x20000010        0x0 load address 0x08004008
 .igot.plt      0x20000010        0x0 /home/davidkumar/st/stm32cubeide_1.18.1/plugins/com.st.stm32cube.ide.mcu.externaltools.gnu-tools-for-stm32.13.3.rel1.linux64_1.0.0.202410170706/tools/bin/../lib/gcc/arm-none-eabi/13.3.1/thumb/v7e-m+fp/hard/crtbegin.o

.ccmram         0x10000000        0x0 load address 0x08004008
                0x10000000                        . = ALIGN (0x4)
                0x10000000                        _sccmram = .
 *(.ccmram)
 *(.ccmram*)
                0x10000000                        . = ALIGN (0x4)
                0x10000000                        _eccmram = .
                0x10000000                        . = ALIGN (0x4)

.bss            0x20000010      0x130
                0x20000010                        _sbss = .
                0x20000010                        __bss_start__ = _sbss
 *(.bss)
 .bss           0x20000010       0x1c /home/davidkumar/st/stm32cubeide_1.18.1/plugins/com.st.stm32cube.ide.mcu.externaltools.gnu-tools-for-stm32.13.3.rel1.linux64_1.0.0.202410170706/tools/bin/../lib/gcc/arm-none-eabi/13.3.1/thumb/v7e-m+fp/hard/crtbegin.o
 *(.bss*)
 .bss.TxHeader  0x2000002c       0x18 ./Core/Src/main.o
                0x2000002c                TxHeader
 .bss.RxHeader  0x20000044       0x1c ./Core/Src/main.o
                0x20000044                RxHeader
 .bss.RxData    0x20000060        0x8 ./Core/Src/main.o
                0x20000060                RxData
 .bss.TxMailbox
                0x20000068        0x4 ./Core/Src/main.o
                0x20000068                TxMailbox
 .bss.hcan1     0x2000006c       0x28 ./Core/Src/main.o
                0x2000006c                hcan1
 .bss.hi2c2     0x20000094       0x54 ./Core/Src/main.o
                0x20000094                hi2c2
 .bss.huart2    0x200000e8       0x48 ./Core/Src/main.o
                0x200000e8                huart2
 .bss.rx        0x20000130        0x2 ./Core/Src/main.o
                0x20000130                rx
 .bss.cmd       0x20000132        0x1 ./Core/Src/main.o
                0x20000132                cmd
 *fill*         0x20000133        0x1 
 .bss.raw       0x20000134        0x2 ./Core/Src/main.o
                0x20000134                raw
 *fill*         0x20000136        0x2 
 .bss.lux       0x20000138        0x4 ./Core/Src/main.o
                0x20000138                lux
 .bss.uwTick    0x2000013c        0x4 ./Drivers/STM32F4xx_HAL_Driver/Src/stm32f4xx_hal.o
                0x2000013c                uwTick
 *(COMMON)
                0x20000140                        . = ALIGN (0x4)
                0x20000140                        _ebss = .
                0x20000140                        __bss_end__ = _ebss

._user_heap_stack
                0x20000140      0x600
                0x20000140                        . = ALIGN (0x8)
                [!provide]                        PROVIDE (end = .)
                0x20000140                        PROVIDE (_end = .)
                0x20000340                        . = (. + _Min_Heap_Size)
 *fill*         0x20000140      0x200 
                0x20000740                        . = (. + _Min_Stack_Size)
 *fill*         0x20000340      0x400 
                0x20000740                        . = ALIGN (0x8)

/DISCARD/
 libc.a(*)
 libm.a(*)
 libgcc.a(*)

.ARM.attributes
                0x00000000       0x30
 *(.ARM.attributes)
 .ARM.attributes
                0x00000000       0x22 /home/davidkumar/st/stm32cubeide_1.18.1/plugins/com.st.stm32cube.ide.mcu.externaltools.gnu-tools-for-stm32.13.3.rel1.linux64_1.0.0.202410170706/tools/bin/../lib/gcc/arm-none-eabi/13.3.1/thumb/v7e-m+fp/hard/crti.o
 .ARM.attributes
                0x00000022       0x34 /home/davidkumar/st/stm32cubeide_1.18.1/plugins/com.st.stm32cube.ide.mcu.externaltools.gnu-tools-for-stm32.13.3.rel1.linux64_1.0.0.202410170706/tools/bin/../lib/gcc/arm-none-eabi/13.3.1/thumb/v7e-m+fp/hard/crtbegin.o
 .ARM.attributes
                0x00000056       0x34 ./Core/Src/main.o
 .ARM.attributes
                0x0000008a       0x34 ./Core/Src/stm32f4xx_hal_msp.o
 .ARM.attributes
                0x000000be       0x34 ./Core/Src/stm32f4xx_it.o
 .ARM.attributes
                0x000000f2       0x34 ./Core/Src/system_stm32f4xx.o
 .ARM.attributes
                0x00000126       0x21 ./Core/Startup/startup_stm32f405rgtx.o
 .ARM.attributes
                0x00000147       0x34 ./Drivers/STM32F4xx_HAL_Driver/Src/stm32f4xx_hal.o
 .ARM.attributes
                0x0000017b       0x34 ./Drivers/STM32F4xx_HAL_Driver/Src/stm32f4xx_hal_can.o
 .ARM.attributes
                0x000001af       0x34 ./Drivers/STM32F4xx_HAL_Driver/Src/stm32f4xx_hal_cortex.o
 .ARM.attributes
                0x000001e3       0x34 ./Drivers/STM32F4xx_HAL_Driver/Src/stm32f4xx_hal_gpio.o
 .ARM.attributes
                0x00000217       0x34 ./Drivers/STM32F4xx_HAL_Driver/Src/stm32f4xx_hal_i2c.o
 .ARM.attributes
                0x0000024b       0x34 ./Drivers/STM32F4xx_HAL_Driver/Src/stm32f4xx_hal_rcc.o
 .ARM.attributes
                0x0000027f       0x34 ./Drivers/STM32F4xx_HAL_Driver/Src/stm32f4xx_hal_uart.o
 .ARM.attributes
                0x000002b3       0x34 /home/davidkumar/st/stm32cubeide_1.18.1/plugins/com.st.stm32cube.ide.mcu.externaltools.gnu-tools-for-stm32.13.3.rel1.linux64_1.0.0.202410170706/tools/bin/../lib/gcc/arm-none-eabi/13.3.1/../../../../arm-none-eabi/lib/thumb/v7e-m+fp/hard/libc_nano.a(libc_a-memset.o)
 .ARM.attributes
                0x000002e7       0x34 /home/davidkumar/st/stm32cubeide_1.18.1/plugins/com.st.stm32cube.ide.mcu.externaltools.gnu-tools-for-stm32.13.3.rel1.linux64_1.0.0.202410170706/tools/bin/../lib/gcc/arm-none-eabi/13.3.1/../../../../arm-none-eabi/lib/thumb/v7e-m+fp/hard/libc_nano.a(libc_a-init.o)
 .ARM.attributes
                0x0000031b       0x22 /home/davidkumar/st/stm32cubeide_1.18.1/plugins/com.st.stm32cube.ide.mcu.externaltools.gnu-tools-for-stm32.13.3.rel1.linux64_1.0.0.202410170706/tools/bin/../lib/gcc/arm-none-eabi/13.3.1/thumb/v7e-m+fp/hard/libgcc.a(_aeabi_uldivmod.o)
 .ARM.attributes
                0x0000033d       0x34 /home/davidkumar/st/stm32cubeide_1.18.1/plugins/com.st.stm32cube.ide.mcu.externaltools.gnu-tools-for-stm32.13.3.rel1.linux64_1.0.0.202410170706/tools/bin/../lib/gcc/arm-none-eabi/13.3.1/thumb/v7e-m+fp/hard/libgcc.a(_udivmoddi4.o)
 .ARM.attributes
                0x00000371       0x22 /home/davidkumar/st/stm32cubeide_1.18.1/plugins/com.st.stm32cube.ide.mcu.externaltools.gnu-tools-for-stm32.13.3.rel1.linux64_1.0.0.202410170706/tools/bin/../lib/gcc/arm-none-eabi/13.3.1/thumb/v7e-m+fp/hard/libgcc.a(_dvmd_tls.o)
 .ARM.attributes
                0x00000393       0x22 /home/davidkumar/st/stm32cubeide_1.18.1/plugins/com.st.stm32cube.ide.mcu.externaltools.gnu-tools-for-stm32.13.3.rel1.linux64_1.0.0.202410170706/tools/bin/../lib/gcc/arm-none-eabi/13.3.1/thumb/v7e-m+fp/hard/crtn.o
OUTPUT(Light_Sensor_with _CAN_Tx.elf elf32-littlearm)
LOAD linker stubs
LOAD /home/davidkumar/st/stm32cubeide_1.18.1/plugins/com.st.stm32cube.ide.mcu.externaltools.gnu-tools-for-stm32.13.3.rel1.linux64_1.0.0.202410170706/tools/bin/../lib/gcc/arm-none-eabi/13.3.1/../../../../arm-none-eabi/lib/thumb/v7e-m+fp/hard/libc.a
LOAD /home/davidkumar/st/stm32cubeide_1.18.1/plugins/com.st.stm32cube.ide.mcu.externaltools.gnu-tools-for-stm32.13.3.rel1.linux64_1.0.0.202410170706/tools/bin/../lib/gcc/arm-none-eabi/13.3.1/../../../../arm-none-eabi/lib/thumb/v7e-m+fp/hard/libm.a
LOAD /home/davidkumar/st/stm32cubeide_1.18.1/plugins/com.st.stm32cube.ide.mcu.externaltools.gnu-tools-for-stm32.13.3.rel1.linux64_1.0.0.202410170706/tools/bin/../lib/gcc/arm-none-eabi/13.3.1/thumb/v7e-m+fp/hard/libgcc.a

.debug_info     0x00000000     0xbc54
 .debug_info    0x00000000     0x1660 ./Core/Src/main.o
 .debug_info    0x00001660     0x12c8 ./Core/Src/stm32f4xx_hal_msp.o
 .debug_info    0x00002928      0x508 ./Core/Src/stm32f4xx_it.o
 .debug_info    0x00002e30      0x512 ./Core/Src/system_stm32f4xx.o
 .debug_info    0x00003342       0x30 ./Core/Startup/startup_stm32f405rgtx.o
 .debug_info    0x00003372      0x932 ./Drivers/STM32F4xx_HAL_Driver/Src/stm32f4xx_hal.o
 .debug_info    0x00003ca4      0xf4c ./Drivers/STM32F4xx_HAL_Driver/Src/stm32f4xx_hal_can.o
 .debug_info    0x00004bf0      0xd7a ./Drivers/STM32F4xx_HAL_Driver/Src/stm32f4xx_hal_cortex.o
 .debug_info    0x0000596a      0x6c3 ./Drivers/STM32F4xx_HAL_Driver/Src/stm32f4xx_hal_gpio.o
 .debug_info    0x0000602d     0x2415 ./Drivers/STM32F4xx_HAL_Driver/Src/stm32f4xx_hal_i2c.o
 .debug_info    0x00008442      0x8c3 ./Drivers/STM32F4xx_HAL_Driver/Src/stm32f4xx_hal_rcc.o
 .debug_info    0x00008d05     0x2f4f ./Drivers/STM32F4xx_HAL_Driver/Src/stm32f4xx_hal_uart.o

.debug_abbrev   0x00000000     0x19ca
 .debug_abbrev  0x00000000      0x32c ./Core/Src/main.o
 .debug_abbrev  0x0000032c      0x229 ./Core/Src/stm32f4xx_hal_msp.o
 .debug_abbrev  0x00000555      0x17b ./Core/Src/stm32f4xx_it.o
 .debug_abbrev  0x000006d0      0x11a ./Core/Src/system_stm32f4xx.o
 .debug_abbrev  0x000007ea       0x24 ./Core/Startup/startup_stm32f405rgtx.o
 .debug_abbrev  0x0000080e      0x214 ./Drivers/STM32F4xx_HAL_Driver/Src/stm32f4xx_hal.o
 .debug_abbrev  0x00000a22      0x245 ./Drivers/STM32F4xx_HAL_Driver/Src/stm32f4xx_hal_can.o
 .debug_abbrev  0x00000c67      0x31d ./Drivers/STM32F4xx_HAL_Driver/Src/stm32f4xx_hal_cortex.o
 .debug_abbrev  0x00000f84      0x1d4 ./Drivers/STM32F4xx_HAL_Driver/Src/stm32f4xx_hal_gpio.o
 .debug_abbrev  0x00001158      0x2ad ./Drivers/STM32F4xx_HAL_Driver/Src/stm32f4xx_hal_i2c.o
 .debug_abbrev  0x00001405      0x2b7 ./Drivers/STM32F4xx_HAL_Driver/Src/stm32f4xx_hal_rcc.o
 .debug_abbrev  0x000016bc      0x30e ./Drivers/STM32F4xx_HAL_Driver/Src/stm32f4xx_hal_uart.o

.debug_aranges  0x00000000      0xa60
 .debug_aranges
                0x00000000       0x70 ./Core/Src/main.o
 .debug_aranges
                0x00000070       0x50 ./Core/Src/stm32f4xx_hal_msp.o
 .debug_aranges
                0x000000c0       0x68 ./Core/Src/stm32f4xx_it.o
 .debug_aranges
                0x00000128       0x28 ./Core/Src/system_stm32f4xx.o
 .debug_aranges
                0x00000150       0x28 ./Core/Startup/startup_stm32f405rgtx.o
 .debug_aranges
                0x00000178       0xf0 ./Drivers/STM32F4xx_HAL_Driver/Src/stm32f4xx_hal.o
 .debug_aranges
                0x00000268      0x138 ./Drivers/STM32F4xx_HAL_Driver/Src/stm32f4xx_hal_can.o
 .debug_aranges
                0x000003a0      0x130 ./Drivers/STM32F4xx_HAL_Driver/Src/stm32f4xx_hal_cortex.o
 .debug_aranges
                0x000004d0       0x58 ./Drivers/STM32F4xx_HAL_Driver/Src/stm32f4xx_hal_gpio.o
 .debug_aranges
                0x00000528      0x2a8 ./Drivers/STM32F4xx_HAL_Driver/Src/stm32f4xx_hal_i2c.o
 .debug_aranges
                0x000007d0       0x88 ./Drivers/STM32F4xx_HAL_Driver/Src/stm32f4xx_hal_rcc.o
 .debug_aranges
                0x00000858      0x208 ./Drivers/STM32F4xx_HAL_Driver/Src/stm32f4xx_hal_uart.o

.debug_rnglists
                0x00000000      0x823
 .debug_rnglists
                0x00000000       0x53 ./Core/Src/main.o
 .debug_rnglists
                0x00000053       0x3a ./Core/Src/stm32f4xx_hal_msp.o
 .debug_rnglists
                0x0000008d       0x49 ./Core/Src/stm32f4xx_it.o
 .debug_rnglists
                0x000000d6       0x1a ./Core/Src/system_stm32f4xx.o
 .debug_rnglists
                0x000000f0       0x19 ./Core/Startup/startup_stm32f405rgtx.o
 .debug_rnglists
                0x00000109       0xaf ./Drivers/STM32F4xx_HAL_Driver/Src/stm32f4xx_hal.o
 .debug_rnglists
                0x000001b8       0xee ./Drivers/STM32F4xx_HAL_Driver/Src/stm32f4xx_hal_can.o
 .debug_rnglists
                0x000002a6       0xe0 ./Drivers/STM32F4xx_HAL_Driver/Src/stm32f4xx_hal_cortex.o
 .debug_rnglists
                0x00000386       0x3f ./Drivers/STM32F4xx_HAL_Driver/Src/stm32f4xx_hal_gpio.o
 .debug_rnglists
                0x000003c5      0x23c ./Drivers/STM32F4xx_HAL_Driver/Src/stm32f4xx_hal_i2c.o
 .debug_rnglists
                0x00000601       0x66 ./Drivers/STM32F4xx_HAL_Driver/Src/stm32f4xx_hal_rcc.o
 .debug_rnglists
                0x00000667      0x1bc ./Drivers/STM32F4xx_HAL_Driver/Src/stm32f4xx_hal_uart.o

.debug_macro    0x00000000    0x1ec78
 .debug_macro   0x00000000      0x2f0 ./Core/Src/main.o
 .debug_macro   0x000002f0      0xad8 ./Core/Src/main.o
 .debug_macro   0x00000dc8      0x2a1 ./Core/Src/main.o
 .debug_macro   0x00001069       0x2e ./Core/Src/main.o
 .debug_macro   0x00001097       0x2f ./Core/Src/main.o
 .debug_macro   0x000010c6       0x22 ./Core/Src/main.o
 .debug_macro   0x000010e8       0x8e ./Core/Src/main.o
 .debug_macro   0x00001176       0x51 ./Core/Src/main.o
 .debug_macro   0x000011c7      0x103 ./Core/Src/main.o
 .debug_macro   0x000012ca       0x6a ./Core/Src/main.o
 .debug_macro   0x00001334      0x1df ./Core/Src/main.o
 .debug_macro   0x00001513       0x1c ./Core/Src/main.o
 .debug_macro   0x0000152f       0x22 ./Core/Src/main.o
 .debug_macro   0x00001551       0xfb ./Core/Src/main.o
 .debug_macro   0x0000164c     0x1011 ./Core/Src/main.o
 .debug_macro   0x0000265d      0x11f ./Core/Src/main.o
 .debug_macro   0x0000277c    0x1427b ./Core/Src/main.o
 .debug_macro   0x000169f7       0x6d ./Core/Src/main.o
 .debug_macro   0x00016a64     0x3693 ./Core/Src/main.o
 .debug_macro   0x0001a0f7      0x190 ./Core/Src/main.o
 .debug_macro   0x0001a287       0x5c ./Core/Src/main.o
 .debug_macro   0x0001a2e3      0x8bc ./Core/Src/main.o
 .debug_macro   0x0001ab9f      0x9e9 ./Core/Src/main.o
 .debug_macro   0x0001b588      0x115 ./Core/Src/main.o
 .debug_macro   0x0001b69d      0x130 ./Core/Src/main.o
 .debug_macro   0x0001b7cd       0xa5 ./Core/Src/main.o
 .debug_macro   0x0001b872      0x174 ./Core/Src/main.o
 .debug_macro   0x0001b9e6      0x287 ./Core/Src/main.o
 .debug_macro   0x0001bc6d       0x5f ./Core/Src/main.o
 .debug_macro   0x0001bccc      0x236 ./Core/Src/main.o
 .debug_macro   0x0001bf02      0x40f ./Core/Src/main.o
 .debug_macro   0x0001c311      0x12c ./Core/Src/main.o
 .debug_macro   0x0001c43d      0x21e ./Core/Src/main.o
 .debug_macro   0x0001c65b       0x2e ./Core/Src/main.o
 .debug_macro   0x0001c689      0x1b5 ./Core/Src/main.o
 .debug_macro   0x0001c83e       0xd6 ./Core/Src/main.o
 .debug_macro   0x0001c914      0x127 ./Core/Src/main.o
 .debug_macro   0x0001ca3b       0x7e ./Core/Src/main.o
 .debug_macro   0x0001cab9       0x89 ./Core/Src/main.o
 .debug_macro   0x0001cb42      0x2aa ./Core/Src/main.o
 .debug_macro   0x0001cdec      0x12d ./Core/Src/main.o
 .debug_macro   0x0001cf19       0x61 ./Core/Src/main.o
 .debug_macro   0x0001cf7a       0x2a ./Core/Src/main.o
 .debug_macro   0x0001cfa4       0x43 ./Core/Src/main.o
 .debug_macro   0x0001cfe7       0x34 ./Core/Src/main.o
 .debug_macro   0x0001d01b      0x370 ./Core/Src/main.o
 .debug_macro   0x0001d38b       0x16 ./Core/Src/main.o
 .debug_macro   0x0001d3a1       0x4a ./Core/Src/main.o
 .debug_macro   0x0001d3eb       0x34 ./Core/Src/main.o
 .debug_macro   0x0001d41f       0x10 ./Core/Src/main.o
 .debug_macro   0x0001d42f       0x58 ./Core/Src/main.o
 .debug_macro   0x0001d487       0x8e ./Core/Src/main.o
 .debug_macro   0x0001d515       0x1c ./Core/Src/main.o
 .debug_macro   0x0001d531      0x185 ./Core/Src/main.o
 .debug_macro   0x0001d6b6       0x10 ./Core/Src/main.o
 .debug_macro   0x0001d6c6       0x3c ./Core/Src/main.o
 .debug_macro   0x0001d702       0x20 ./Core/Src/main.o
 .debug_macro   0x0001d722       0x1c ./Core/Src/main.o
 .debug_macro   0x0001d73e       0x10 ./Core/Src/main.o
 .debug_macro   0x0001d74e       0x1c ./Core/Src/main.o
 .debug_macro   0x0001d76a       0x16 ./Core/Src/main.o
 .debug_macro   0x0001d780      0x146 ./Core/Src/main.o
 .debug_macro   0x0001d8c6      0x1e8 ./Core/Src/stm32f4xx_hal_msp.o
 .debug_macro   0x0001daae      0x1f2 ./Core/Src/stm32f4xx_it.o
 .debug_macro   0x0001dca0      0x1de ./Core/Src/system_stm32f4xx.o
 .debug_macro   0x0001de7e      0x23e ./Drivers/STM32F4xx_HAL_Driver/Src/stm32f4xx_hal.o
 .debug_macro   0x0001e0bc      0x1ed ./Drivers/STM32F4xx_HAL_Driver/Src/stm32f4xx_hal_can.o
 .debug_macro   0x0001e2a9      0x1de ./Drivers/STM32F4xx_HAL_Driver/Src/stm32f4xx_hal_cortex.o
 .debug_macro   0x0001e487      0x1e4 ./Drivers/STM32F4xx_HAL_Driver/Src/stm32f4xx_hal_gpio.o
 .debug_macro   0x0001e66b      0x22c ./Drivers/STM32F4xx_HAL_Driver/Src/stm32f4xx_hal_i2c.o
 .debug_macro   0x0001e897      0x202 ./Drivers/STM32F4xx_HAL_Driver/Src/stm32f4xx_hal_rcc.o
 .debug_macro   0x0001ea99      0x1df ./Drivers/STM32F4xx_HAL_Driver/Src/stm32f4xx_hal_uart.o

.debug_line     0x00000000     0xc208
 .debug_line    0x00000000      0xaab ./Core/Src/main.o
 .debug_line    0x00000aab      0x7bd ./Core/Src/stm32f4xx_hal_msp.o
 .debug_line    0x00001268      0x799 ./Core/Src/stm32f4xx_it.o
 .debug_line    0x00001a01      0x748 ./Core/Src/system_stm32f4xx.o
 .debug_line    0x00002149       0x7a ./Core/Startup/startup_stm32f405rgtx.o
 .debug_line    0x000021c3      0x9c4 ./Drivers/STM32F4xx_HAL_Driver/Src/stm32f4xx_hal.o
 .debug_line    0x00002b87     0x1183 ./Drivers/STM32F4xx_HAL_Driver/Src/stm32f4xx_hal_can.o
 .debug_line    0x00003d0a      0xc94 ./Drivers/STM32F4xx_HAL_Driver/Src/stm32f4xx_hal_cortex.o
 .debug_line    0x0000499e      0xb1c ./Drivers/STM32F4xx_HAL_Driver/Src/stm32f4xx_hal_gpio.o
 .debug_line    0x000054ba     0x3a71 ./Drivers/STM32F4xx_HAL_Driver/Src/stm32f4xx_hal_i2c.o
 .debug_line    0x00008f2b      0xdd1 ./Drivers/STM32F4xx_HAL_Driver/Src/stm32f4xx_hal_rcc.o
 .debug_line    0x00009cfc     0x250c ./Drivers/STM32F4xx_HAL_Driver/Src/stm32f4xx_hal_uart.o

.debug_str      0x00000000    0xbc8c9
 .debug_str     0x00000000    0xbc8c9 ./Core/Src/main.o
                              0xba260 (size before relaxing)
 .debug_str     0x000bc8c9    0xb6b34 ./Core/Src/stm32f4xx_hal_msp.o
 .debug_str     0x000bc8c9    0xb5e69 ./Core/Src/stm32f4xx_it.o
 .debug_str     0x000bc8c9    0xb5ccc ./Core/Src/system_stm32f4xx.o
 .debug_str     0x000bc8c9       0x93 ./Core/Startup/startup_stm32f405rgtx.o
 .debug_str     0x000bc8c9    0xb682f ./Drivers/STM32F4xx_HAL_Driver/Src/stm32f4xx_hal.o
 .debug_str     0x000bc8c9    0xb63c6 ./Drivers/STM32F4xx_HAL_Driver/Src/stm32f4xx_hal_can.o
 .debug_str     0x000bc8c9    0xb65ab ./Drivers/STM32F4xx_HAL_Driver/Src/stm32f4xx_hal_cortex.o
 .debug_str     0x000bc8c9    0xb5e47 ./Drivers/STM32F4xx_HAL_Driver/Src/stm32f4xx_hal_gpio.o
 .debug_str     0x000bc8c9    0xb6cea ./Drivers/STM32F4xx_HAL_Driver/Src/stm32f4xx_hal_i2c.o
 .debug_str     0x000bc8c9    0xb6100 ./Drivers/STM32F4xx_HAL_Driver/Src/stm32f4xx_hal_rcc.o
 .debug_str     0x000bc8c9    0xb66e1 ./Drivers/STM32F4xx_HAL_Driver/Src/stm32f4xx_hal_uart.o

.comment        0x00000000       0x43
 .comment       0x00000000       0x43 ./Core/Src/main.o
                                 0x44 (size before relaxing)
 .comment       0x00000043       0x44 ./Core/Src/stm32f4xx_hal_msp.o
 .comment       0x00000043       0x44 ./Core/Src/stm32f4xx_it.o
 .comment       0x00000043       0x44 ./Core/Src/system_stm32f4xx.o
 .comment       0x00000043       0x44 ./Drivers/STM32F4xx_HAL_Driver/Src/stm32f4xx_hal.o
 .comment       0x00000043       0x44 ./Drivers/STM32F4xx_HAL_Driver/Src/stm32f4xx_hal_can.o
 .comment       0x00000043       0x44 ./Drivers/STM32F4xx_HAL_Driver/Src/stm32f4xx_hal_cortex.o
 .comment       0x00000043       0x44 ./Drivers/STM32F4xx_HAL_Driver/Src/stm32f4xx_hal_gpio.o
 .comment       0x00000043       0x44 ./Drivers/STM32F4xx_HAL_Driver/Src/stm32f4xx_hal_i2c.o
 .comment       0x00000043       0x44 ./Drivers/STM32F4xx_HAL_Driver/Src/stm32f4xx_hal_rcc.o
 .comment       0x00000043       0x44 ./Drivers/STM32F4xx_HAL_Driver/Src/stm32f4xx_hal_uart.o

.debug_frame    0x00000000     0x2bdc
 .debug_frame   0x00000000      0x174 ./Core/Src/main.o
 .debug_frame   0x00000174      0x110 ./Core/Src/stm32f4xx_hal_msp.o
 .debug_frame   0x00000284      0x120 ./Core/Src/stm32f4xx_it.o
 .debug_frame   0x000003a4       0x58 ./Core/Src/system_stm32f4xx.o
 .debug_frame   0x000003fc      0x374 ./Drivers/STM32F4xx_HAL_Driver/Src/stm32f4xx_hal.o
 .debug_frame   0x00000770      0x5a0 ./Drivers/STM32F4xx_HAL_Driver/Src/stm32f4xx_hal_can.o
 .debug_frame   0x00000d10      0x508 ./Drivers/STM32F4xx_HAL_Driver/Src/stm32f4xx_hal_cortex.o
 .debug_frame   0x00001218      0x14c ./Drivers/STM32F4xx_HAL_Driver/Src/stm32f4xx_hal_gpio.o
 .debug_frame   0x00001364      0xc84 ./Drivers/STM32F4xx_HAL_Driver/Src/stm32f4xx_hal_i2c.o
 .debug_frame   0x00001fe8      0x1f4 ./Drivers/STM32F4xx_HAL_Driver/Src/stm32f4xx_hal_rcc.o
 .debug_frame   0x000021dc      0x954 ./Drivers/STM32F4xx_HAL_Driver/Src/stm32f4xx_hal_uart.o
 .debug_frame   0x00002b30       0x20 /home/davidkumar/st/stm32cubeide_1.18.1/plugins/com.st.stm32cube.ide.mcu.externaltools.gnu-tools-for-stm32.13.3.rel1.linux64_1.0.0.202410170706/tools/bin/../lib/gcc/arm-none-eabi/13.3.1/../../../../arm-none-eabi/lib/thumb/v7e-m+fp/hard/libc_nano.a(libc_a-memset.o)
 .debug_frame   0x00002b50       0x2c /home/davidkumar/st/stm32cubeide_1.18.1/plugins/com.st.stm32cube.ide.mcu.externaltools.gnu-tools-for-stm32.13.3.rel1.linux64_1.0.0.202410170706/tools/bin/../lib/gcc/arm-none-eabi/13.3.1/../../../../arm-none-eabi/lib/thumb/v7e-m+fp/hard/libc_nano.a(libc_a-init.o)
 .debug_frame   0x00002b7c       0x2c /home/davidkumar/st/stm32cubeide_1.18.1/plugins/com.st.stm32cube.ide.mcu.externaltools.gnu-tools-for-stm32.13.3.rel1.linux64_1.0.0.202410170706/tools/bin/../lib/gcc/arm-none-eabi/13.3.1/thumb/v7e-m+fp/hard/libgcc.a(_aeabi_uldivmod.o)
 .debug_frame   0x00002ba8       0x34 /home/davidkumar/st/stm32cubeide_1.18.1/plugins/com.st.stm32cube.ide.mcu.externaltools.gnu-tools-for-stm32.13.3.rel1.linux64_1.0.0.202410170706/tools/bin/../lib/gcc/arm-none-eabi/13.3.1/thumb/v7e-m+fp/hard/libgcc.a(_udivmoddi4.o)

.debug_line_str
                0x00000000       0x77
 .debug_line_str
                0x00000000       0x77 ./Core/Startup/startup_stm32f405rgtx.o
